<html>
<body>
<pre>
<h1>µVision Build Log</h1>
<h2>Tool Versions:</h2>
IDE-Version: µVision V5.13.0.0
Copyright (C) 2014 ARM Ltd and ARM Germany GmbH. All rights reserved.
License Information: hoang Microsoft, Microsoft, LIC=2TT9U-S0FZN-9WW2E-5T32P-X9RMA-7JGDS
 
Tool Versions:
Toolchain:       MDK-ARM Professional  Version: 5.13.0.0
Toolchain Path:  C:\Keil_v5\ARM\ARMCC\Bin
C Compiler:      Armcc.exe V5.05 update 1 (build 106)
Assembler:       Armasm.exe V5.05 update 1 (build 106)
Linker/Locator:  ArmLink.exe V5.05 update 1 (build 106)
Library Manager: ArmAr.exe V5.05 update 1 (build 106)
Hex Converter:   FromElf.exe V5.05 update 1 (build 106)
CPU DLL:         SARMCM3.DLL V5.13.0.0
Dialog DLL:      DCM.DLL V1.13.1.0
Target DLL:      STLink\ST-LINKIII-KEIL_SWO.dll V2.0.14.0_KEIL
Dialog DLL:      TCM.DLL V1.14.4.0
 
<h2>Project:</h2>
D:\chuong trinh\stsw-stm32068\STM32F4-Discovery_FW_V1.1.0\Project\Peripheral_Examples\MEMS\MDK-ARM\LIS302DL.uvprojx
Project File Date:  11/17/2015

<h2>Output:</h2>
Build target 'LIS302DL'
compiling main.c...
linking...
Program Size: Code=3400 RO-data=424 RW-data=44 ZI-data=1028  
".\LIS302DL\LIS302DL.axf" - 0 Error(s), 0 Warning(s).

<h2>Collection of Component include folders:</h2>
  D:\chuong trinh\stsw-stm32068\STM32F4-Discovery_FW_V1.1.0\Project\Peripheral_Examples\MEMS\MDK-ARM\RTE
  C:\Keil_v5\ARM\PACK\Keil\STM32F4xx_DFP\2.6.0

<h2>Collection of Component Files used:</h2>
</pre>
</body>
</html>
